[      77ms] [WARNING] 
%c⚠️ Browser Environment Detected %c

%cOnly UI previews are available in the browser. For full functionality, please run the application in desktop mode.
More information at: https://v3.wails.io/learn/build/#using-a-browser-for-development
 background: #ffffff; color: #000000; font-weight: bold; padding: 4px 8px; border-radius: 4px; border: 2px solid #000000; background: transparent; color: #ffffff; font-style: italic; font-weight: bold; @ http://localhost:5186/assets/index-BdSuItHG.js:5823
[      92ms] [ERROR] Failed to load resource: the server responded with a status of 404 (Not Found) @ http://localhost:5186/wails/runtime:0
[      92ms] [ERROR] Failed to load resource: the server responded with a status of 404 (Not Found) @ http://localhost:5186/wails/runtime:0
[      92ms] [ERROR] Failed to load resource: the server responded with a status of 404 (Not Found) @ http://localhost:5186/wails/runtime:0
[      92ms] [ERROR] Failed to load resource: the server responded with a status of 404 (Not Found) @ http://localhost:5186/wails/runtime:0
[      93ms] [ERROR] Error
    at runtimeCallWithID (http://localhost:5186/assets/index-BdSuItHG.js:5739:9) @ http://localhost:5186/assets/index-BdSuItHG.js:1578
[      93ms] [ERROR] Error
    at runtimeCallWithID (http://localhost:5186/assets/index-BdSuItHG.js:5739:9) @ http://localhost:5186/assets/index-BdSuItHG.js:1578
[      93ms] [ERROR] Failed to load resource: the server responded with a status of 404 (Not Found) @ http://localhost:5186/wails/runtime:0
[      93ms] [ERROR] Failed to load resource: the server responded with a status of 404 (Not Found) @ http://localhost:5186/wails/runtime:0
[      94ms] Error
    at runtimeCallWithID (http://localhost:5186/assets/index-BdSuItHG.js:5739:9)
[      94ms] [ERROR] Error
    at runtimeCallWithID (http://localhost:5186/assets/index-BdSuItHG.js:5739:9) @ http://localhost:5186/assets/index-BdSuItHG.js:1578
[      94ms] Error
    at runtimeCallWithID (http://localhost:5186/assets/index-BdSuItHG.js:5739:9)
